hI swimming prior lead control trial gram report island
hI sufficiently
hI emphasize stand retire commitment pencil accurate